[38;2;199;120;221m<?php
[0m[38;2;171;178;191m
[0m[38;2;199;120;221mdeclare[0m[38;2;171;178;191m([0m[38;2;171;178;191mticks[0m[38;2;171;178;191m=[0m[38;2;229;192;122m0[0m[38;2;171;178;191m)[0m[38;2;171;178;191m;[0m[38;2;171;178;191m

[0m[38;2;199;120;221mnamespace[0m[38;2;171;178;191m [0m[38;2;171;178;191mA[0m[38;2;171;178;191m [0m[38;2;171;178;191m{[0m[38;2;171;178;191m
    [0m[38;2;199;120;221mfunction[0m[38;2;171;178;191m [0m[38;2;98;174;239mabc[0m[38;2;171;178;191m([0m[38;2;171;178;191m)[0m[38;2;171;178;191m
    [0m[38;2;171;178;191m{[0m[38;2;171;178;191m
    [0m[38;2;171;178;191m}[0m[38;2;171;178;191m
[0m[38;2;171;178;191m}[0m[38;2;171;178;191m

[0m[38;2;199;120;221mnamespace[0m[38;2;171;178;191m [0m[38;2;171;178;191m{[0m[38;2;171;178;191m
    [0m[38;2;199;120;221muse[0m[38;2;171;178;191m [0m[38;2;199;120;221mfunction[0m[38;2;171;178;191m [0m[38;2;171;178;191mA\abc[0m[38;2;171;178;191m;[0m[38;2;171;178;191m
    [0m[38;2;199;120;221muse[0m[38;2;171;178;191m [0m[38;2;171;178;191mJetBrains\PhpStorm\Internal\LanguageLevelTypeAware[0m[38;2;171;178;191m;[0m[38;2;171;178;191m

    [0m[38;2;171;178;191mabc[0m[38;2;171;178;191m([0m[38;2;171;178;191m)[0m[38;2;171;178;191m;[0m[38;2;171;178;191m

    [0m[38;2;224;107;116m$a[0m[38;2;171;178;191m [0m[38;2;171;178;191m=[0m[38;2;171;178;191m [0m[38;2;229;192;122m1[0m[38;2;171;178;191m;[0m[38;2;171;178;191m
    [0m[38;2;224;107;116m$a[0m[38;2;171;178;191m [0m[38;2;171;178;191m=[0m[38;2;171;178;191m [0m[38;2;229;192;122m0xEF[0m[38;2;171;178;191m;[0m[38;2;171;178;191m
    [0m[38;2;224;107;116m$a[0m[38;2;171;178;191m [0m[38;2;171;178;191m=[0m[38;2;171;178;191m [0m[38;2;229;192;122m1_000_000[0m[38;2;171;178;191m;[0m[38;2;171;178;191m

    [0m[38;2;199;120;221mtrait[0m[38;2;171;178;191m [0m[38;2;171;178;191mG[0m[38;2;171;178;191m
    [0m[38;2;171;178;191m{[0m[38;2;171;178;191m
    [0m[38;2;171;178;191m}[0m[38;2;171;178;191m

    [0m[38;2;199;120;221mtrait[0m[38;2;171;178;191m [0m[38;2;171;178;191mE[0m[38;2;171;178;191m
    [0m[38;2;171;178;191m{[0m[38;2;171;178;191m
    [0m[38;2;171;178;191m}[0m[38;2;171;178;191m

    [0m[38;2;199;120;221mclass[0m[38;2;171;178;191m [0m[38;2;171;178;191mA[0m[38;2;171;178;191m [0m[38;2;199;120;221mextends[0m[38;2;171;178;191m [0m[38;2;171;178;191mB[0m[38;2;171;178;191m [0m[38;2;199;120;221mimplements[0m[38;2;171;178;191m [0m[38;2;171;178;191mC[0m[38;2;171;178;191m
    [0m[38;2;171;178;191m{[0m[38;2;171;178;191m
        [0m[38;2;199;120;221muse[0m[38;2;171;178;191m [0m[38;2;171;178;191mE[0m[38;2;171;178;191m,[0m[38;2;171;178;191m [0m[38;2;171;178;191mG[0m[38;2;171;178;191m [0m[38;2;171;178;191m{[0m[38;2;171;178;191m
            [0m[38;2;171;178;191mG[0m[38;2;171;178;191m::[0m[38;2;98;174;239ma[0m[38;2;171;178;191m [0m[38;2;199;120;221minsteadof[0m[38;2;171;178;191m [0m[38;2;171;178;191mE[0m[38;2;171;178;191m;[0m[38;2;171;178;191m
            [0m[38;2;171;178;191mE[0m[38;2;171;178;191m::[0m[38;2;98;174;239mb[0m[38;2;171;178;191m [0m[38;2;199;120;221mas[0m[38;2;171;178;191m [0m[38;2;98;174;239mc[0m[38;2;171;178;191m;[0m[38;2;171;178;191m
        [0m[38;2;171;178;191m}[0m[38;2;171;178;191m

        [0m[38;2;199;120;221mpublic[0m[38;2;171;178;191m [0m[38;2;199;120;221mconst[0m[38;2;171;178;191m [0m[38;2;224;107;116mA[0m[38;2;171;178;191m       [0m[38;2;171;178;191m=[0m[38;2;171;178;191m [0m[38;2;229;192;122m1[0m[38;2;171;178;191m;[0m[38;2;171;178;191m
        [0m[38;2;199;120;221mpublic[0m[38;2;171;178;191m [0m[38;2;199;120;221mstatic[0m[38;2;171;178;191m [0m[38;2;199;120;221mint[0m[38;2;171;178;191m [0m[38;2;224;107;116m$b[0m[38;2;171;178;191m [0m[38;2;171;178;191m=[0m[38;2;171;178;191m [0m[38;2;229;192;122m1[0m[38;2;171;178;191m;[0m[38;2;171;178;191m
        [0m[38;2;199;120;221mprivate[0m[38;2;171;178;191m [0m[38;2;171;178;191mClosure[0m[38;2;171;178;191m [0m[38;2;224;107;116m$c[0m[38;2;171;178;191m;[0m[38;2;171;178;191m

        [0m[38;2;199;120;221mpublic[0m[38;2;171;178;191m [0m[38;2;199;120;221mfunction[0m[38;2;171;178;191m [0m[38;2;98;174;239m__construct[0m[38;2;171;178;191m([0m[38;2;171;178;191m
            [0m[38;2;199;120;221mprotected[0m[38;2;171;178;191m [0m[38;2;199;120;221mstring[0m[38;2;171;178;191m [0m[38;2;224;107;116m$a[0m[38;2;171;178;191m
        [0m[38;2;171;178;191m)[0m[38;2;171;178;191m [0m[38;2;171;178;191m{[0m[38;2;171;178;191m
            [0m[38;2;224;107;116m$this[0m[38;2;171;178;191m->[0m[38;2;224;107;116ma[0m[38;2;171;178;191m [0m[38;2;171;178;191m=[0m[38;2;171;178;191m [0m[38;2;224;107;116m$a[0m[38;2;171;178;191m;[0m[38;2;171;178;191m
        [0m[38;2;171;178;191m}[0m[38;2;171;178;191m

        [0m[38;2;199;120;221mpublic[0m[38;2;171;178;191m [0m[38;2;199;120;221mstatic[0m[38;2;171;178;191m [0m[38;2;199;120;221mfunction[0m[38;2;171;178;191m [0m[38;2;98;174;239ma[0m[38;2;171;178;191m([0m[38;2;171;178;191m?[0m[38;2;171;178;191mB[0m[38;2;171;178;191m [0m[38;2;171;178;191m&[0m[38;2;224;107;116m$a[0m[38;2;171;178;191m [0m[38;2;171;178;191m=[0m[38;2;171;178;191m [0m[38;2;199;120;221mnull[0m[38;2;171;178;191m,[0m[38;2;171;178;191m [0m[38;2;199;120;221mfloat[0m[38;2;171;178;191m|[0m[38;2;199;120;221mint[0m[38;2;171;178;191m|[0m[38;2;171;178;191mC[0m[38;2;171;178;191m [0m[38;2;224;107;116m$b[0m[38;2;171;178;191m [0m[38;2;171;178;191m=[0m[38;2;171;178;191m [0m[38;2;229;192;122m3[0m[38;2;171;178;191m,[0m[38;2;171;178;191m [0m[38;2;171;178;191mC[0m[38;2;171;178;191m [0m[38;2;224;107;116m$c[0m[38;2;171;178;191m)[0m[38;2;171;178;191m:[0m[38;2;171;178;191m [0m[38;2;199;120;221mfloat[0m[38;2;171;178;191m|[0m[38;2;171;178;191mB[0m[38;2;171;178;191m
        [0m[38;2;171;178;191m{[0m[38;2;171;178;191m
            [0m[38;2;199;120;221mreturn[0m[38;2;171;178;191m [0m[38;2;229;192;122m1.0[0m[38;2;171;178;191m;[0m[38;2;171;178;191m
        [0m[38;2;171;178;191m}[0m[38;2;171;178;191m

        [0m[38;2;199;120;221mpublic[0m[38;2;171;178;191m [0m[38;2;199;120;221mfunction[0m[38;2;171;178;191m [0m[38;2;98;174;239mx[0m[38;2;171;178;191m([0m[38;2;171;178;191m)[0m[38;2;171;178;191m
        [0m[38;2;171;178;191m{[0m[38;2;171;178;191m
            [0m[38;2;199;120;221mforeach[0m[38;2;171;178;191m [0m[38;2;171;178;191m([0m[38;2;171;178;191m[[0m[38;2;171;178;191m][0m[38;2;171;178;191m [0m[38;2;199;120;221mas[0m[38;2;171;178;191m [0m[38;2;224;107;116m$f[0m[38;2;171;178;191m)[0m[38;2;171;178;191m [0m[38;2;171;178;191m{[0m[38;2;171;178;191m
            [0m[38;2;171;178;191m}[0m[38;2;171;178;191m
        [0m[38;2;171;178;191m}[0m[38;2;171;178;191m

        [0m[38;2;199;120;221mpublic[0m[38;2;171;178;191m [0m[38;2;199;120;221mfunction[0m[38;2;171;178;191m [0m[38;2;98;174;239mb[0m[38;2;171;178;191m([0m[38;2;171;178;191m)[0m[38;2;171;178;191m
        [0m[38;2;171;178;191m{[0m[38;2;171;178;191m
        [0m[38;2;171;178;191m}[0m[38;2;171;178;191m

        [0m[38;2;199;120;221mprotected[0m[38;2;171;178;191m [0m[38;2;199;120;221mfunction[0m[38;2;171;178;191m [0m[38;2;98;174;239mc[0m[38;2;171;178;191m([0m[38;2;171;178;191m)[0m[38;2;171;178;191m:[0m[38;2;171;178;191m [0m[38;2;199;120;221mint[0m[38;2;171;178;191m
        [0m[38;2;171;178;191m{[0m[38;2;171;178;191m
            [0m[38;2;199;120;221mreturn[0m[38;2;171;178;191m [0m[38;2;229;192;122m1[0m[38;2;171;178;191m;[0m[38;2;171;178;191m
        [0m[38;2;171;178;191m}[0m[38;2;171;178;191m
    [0m[38;2;171;178;191m}[0m[38;2;171;178;191m

    [0m[38;2;199;120;221mif[0m[38;2;171;178;191m [0m[38;2;171;178;191m([0m[38;2;199;120;221mtrue[0m[38;2;171;178;191m [0m[38;2;171;178;191m&&[0m[38;2;171;178;191m [0m[38;2;199;120;221mfalse[0m[38;2;171;178;191m [0m[38;2;171;178;191m||[0m[38;2;171;178;191m [0m[38;2;171;178;191m![0m[38;2;229;192;122m1[0m[38;2;171;178;191m)[0m[38;2;171;178;191m [0m[38;2;171;178;191m{[0m[38;2;171;178;191m
        [0m[38;2;199;120;221mecho[0m[38;2;171;178;191m [0m[38;2;152;195;121m'hey'[0m[38;2;171;178;191m;[0m[38;2;171;178;191m
        [0m[38;2;199;120;221mecho[0m[38;2;171;178;191m [0m[38;2;152;195;121m'oh!'[0m[38;2;171;178;191m;[0m[38;2;171;178;191m
    [0m[38;2;171;178;191m}[0m[38;2;171;178;191m [0m[38;2;199;120;221melseif[0m[38;2;171;178;191m [0m[38;2;171;178;191m([0m[38;2;229;192;122m1[0m[38;2;171;178;191m [0m[38;2;171;178;191m<<[0m[38;2;171;178;191m [0m[38;2;229;192;122m2[0m[38;2;171;178;191m)[0m[38;2;171;178;191m [0m[38;2;171;178;191m{[0m[38;2;171;178;191m
        [0m[38;2;199;120;221mexit[0m[38;2;171;178;191m([0m[38;2;229;192;122m1[0m[38;2;171;178;191m)[0m[38;2;171;178;191m;[0m[38;2;171;178;191m
    [0m[38;2;171;178;191m}[0m[38;2;171;178;191m [0m[38;2;199;120;221melse[0m[38;2;171;178;191m [0m[38;2;171;178;191m{[0m[38;2;171;178;191m
        [0m[38;2;199;120;221misset[0m[38;2;171;178;191m([0m[38;2;224;107;116m$a[0m[38;2;171;178;191m)[0m[38;2;171;178;191m;[0m[38;2;171;178;191m
    [0m[38;2;171;178;191m}[0m[38;2;171;178;191m

    [0m[38;2;199;120;221mconst[0m[38;2;171;178;191m [0m[38;2;224;107;116mA_CONSTANT[0m[38;2;171;178;191m [0m[38;2;171;178;191m=[0m[38;2;171;178;191m [0m[38;2;229;192;122m1[0m[38;2;171;178;191m;[0m[38;2;171;178;191m

    [0m[38;2;224;107;116mA_CONSTANT[0m[38;2;171;178;191m [0m[38;2;171;178;191m+[0m[38;2;171;178;191m [0m[38;2;224;107;116mA_CONSTANT[0m[38;2;171;178;191m;[0m[38;2;171;178;191m

    [0m[38;2;171;178;191m([0m[38;2;199;120;221mnew[0m[38;2;171;178;191m [0m[38;2;171;178;191mA[0m[38;2;171;178;191m([0m[38;2;171;178;191m)[0m[38;2;171;178;191m)[0m[38;2;171;178;191m->[0m[38;2;98;174;239mb[0m[38;2;171;178;191m([0m[38;2;171;178;191m)[0m[38;2;171;178;191m;[0m[38;2;171;178;191m

    [0m[38;2;171;178;191mA[0m[38;2;171;178;191m::[0m[38;2;224;107;116m$b[0m[38;2;171;178;191m;[0m[38;2;171;178;191m
    [0m[38;2;171;178;191mA[0m[38;2;171;178;191m::[0m[38;2;224;107;116mA[0m[38;2;171;178;191m;[0m[38;2;171;178;191m
    [0m[38;2;171;178;191mA[0m[38;2;171;178;191m::[0m[38;2;98;174;239ma[0m[38;2;171;178;191m([0m[38;2;224;107;116m$a[0m[38;2;171;178;191m,[0m[38;2;171;178;191m [0m[38;2;229;192;122m1[0m[38;2;171;178;191m)[0m[38;2;171;178;191m;[0m[38;2;171;178;191m

    [0m[38;2;224;107;116m$c[0m[38;2;171;178;191m [0m[38;2;171;178;191m=[0m[38;2;171;178;191m [0m[38;2;152;195;121m' {d}'[0m[38;2;171;178;191m;[0m[38;2;171;178;191m

    [0m[38;2;199;120;221mecho[0m[38;2;171;178;191m [0m[38;2;171;178;191m"[0m[38;2;171;178;191m{[0m[38;2;224;107;116m$a[0m[38;2;171;178;191m}[0m[38;2;152;195;121m and b[0m[38;2;171;178;191m"[0m[38;2;171;178;191m [0m[38;2;171;178;191m.[0m[38;2;171;178;191m [0m[38;2;224;107;116m$c[0m[38;2;171;178;191m;[0m[38;2;171;178;191m

    [0m[38;2;224;107;116m$a[0m[38;2;171;178;191m [0m[38;2;171;178;191m=[0m[38;2;171;178;191m [0m[38;2;199;120;221mstatic[0m[38;2;171;178;191m [0m[38;2;199;120;221mfunction[0m[38;2;171;178;191m [0m[38;2;171;178;191m([0m[38;2;171;178;191m)[0m[38;2;171;178;191m [0m[38;2;171;178;191m{[0m[38;2;171;178;191m
    [0m[38;2;171;178;191m}[0m[38;2;171;178;191m;[0m[38;2;171;178;191m

    [0m[38;2;98;174;239m#[[0m[38;2;98;174;239mLanguageLevelTypeAware[0m[38;2;171;178;191m([0m[38;2;171;178;191m[[0m[38;2;152;195;121m'a'[0m[38;2;171;178;191m [0m[38;2;171;178;191m=>[0m[38;2;171;178;191m [0m[38;2;229;192;122m4[0m[38;2;171;178;191m][0m[38;2;171;178;191m,[0m[38;2;171;178;191m [0m[38;2;229;192;122m1[0m[38;2;171;178;191m)[0m[38;2;98;174;239m][0m[38;2;171;178;191m
    [0m[38;2;199;120;221mfunction[0m[38;2;171;178;191m [0m[38;2;98;174;239ma[0m[38;2;171;178;191m([0m[38;2;171;178;191mA[0m[38;2;171;178;191m [0m[38;2;224;107;116m$a[0m[38;2;171;178;191m)[0m[38;2;171;178;191m
    [0m[38;2;171;178;191m{[0m[38;2;171;178;191m
    [0m[38;2;171;178;191m}[0m[38;2;171;178;191m

    [0m[38;2;224;107;116m$f[0m[38;2;171;178;191m [0m[38;2;171;178;191m=[0m[38;2;171;178;191m [0m[38;2;199;120;221mfn[0m[38;2;171;178;191m [0m[38;2;171;178;191m([0m[38;2;224;107;116m$a[0m[38;2;171;178;191m)[0m[38;2;171;178;191m:[0m[38;2;171;178;191m [0m[38;2;171;178;191mB[0m[38;2;171;178;191m [0m[38;2;171;178;191m=>[0m[38;2;171;178;191m [0m[38;2;229;192;122m1[0m[38;2;171;178;191m;[0m[38;2;171;178;191m

    [0m[38;2;171;178;191m[[0m[38;2;171;178;191mA[0m[38;2;171;178;191m::[0m[38;2;199;120;221mclass[0m[38;2;171;178;191m][0m[38;2;171;178;191m;[0m[38;2;171;178;191m
[0m[38;2;171;178;191m}[0m[38;2;171;178;191m
[0m