<div class="line"><span class="line-number">1</span><span style="color:rgb(199,120,221);"><?php</span></div><div class="line"><span class="line-number">2</span></div><div class="line"><span class="line-number">3</span><span style="color:rgb(171,178,191);"></span><span style="color:rgb(199,120,221);">declare</span><span style="color:rgb(171,178,191);">(</span><span style="color:rgb(171,178,191);">ticks</span><span style="color:rgb(171,178,191);">=</span><span style="color:rgb(229,192,122);">0</span><span style="color:rgb(171,178,191);">)</span><span style="color:rgb(171,178,191);">;</span></div><div class="line"><span class="line-number">4</span></div><div class="line"><span class="line-number">5</span><span style="color:rgb(171,178,191);"></span><span style="color:rgb(199,120,221);">namespace</span><span style="color:rgb(171,178,191);"> </span><span style="color:rgb(171,178,191);">A</span><span style="color:rgb(171,178,191);"> </span><span style="color:rgb(171,178,191);">{</span></div><div class="line"><span class="line-number">6</span><span style="color:rgb(171,178,191);">    </span><span style="color:rgb(199,120,221);">function</span><span style="color:rgb(171,178,191);"> </span><span style="color:rgb(98,174,239);">abc</span><span style="color:rgb(171,178,191);">(</span><span style="color:rgb(171,178,191);">)</span></div><div class="line"><span class="line-number">7</span><span style="color:rgb(171,178,191);">    </span><span style="color:rgb(171,178,191);">{</span></div><div class="line"><span class="line-number">8</span><span style="color:rgb(171,178,191);">    </span><span style="color:rgb(171,178,191);">}</span></div><div class="line"><span class="line-number">9</span><span style="color:rgb(171,178,191);"></span><span style="color:rgb(171,178,191);">}</span></div><div class="line"><span class="line-number">10</span></div><div class="line"><span class="line-number">11</span><span style="color:rgb(171,178,191);"></span><span style="color:rgb(199,120,221);">namespace</span><span style="color:rgb(171,178,191);"> </span><span style="color:rgb(171,178,191);">{</span></div><div class="line"><span class="line-number">12</span><span style="color:rgb(171,178,191);">    </span><span style="color:rgb(199,120,221);">use</span><span style="color:rgb(171,178,191);"> </span><span style="color:rgb(199,120,221);">function</span><span style="color:rgb(171,178,191);"> </span><span style="color:rgb(171,178,191);">A\abc</span><span style="color:rgb(171,178,191);">;</span></div><div class="line"><span class="line-number">13</span><span style="color:rgb(171,178,191);">    </span><span style="color:rgb(199,120,221);">use</span><span style="color:rgb(171,178,191);"> </span><span style="color:rgb(171,178,191);">JetBrains\PhpStorm\Internal\LanguageLevelTypeAware</span><span style="color:rgb(171,178,191);">;</span></div><div class="line"><span class="line-number">14</span></div><div class="line"><span class="line-number">15</span><span style="color:rgb(171,178,191);">    </span><span style="color:rgb(171,178,191);">abc</span><span style="color:rgb(171,178,191);">(</span><span style="color:rgb(171,178,191);">)</span><span style="color:rgb(171,178,191);">;</span></div><div class="line"><span class="line-number">16</span></div><div class="line"><span class="line-number">17</span><span style="color:rgb(171,178,191);">    </span><span style="color:rgb(224,107,116);">$a</span><span style="color:rgb(171,178,191);"> </span><span style="color:rgb(171,178,191);">=</span><span style="color:rgb(171,178,191);"> </span><span style="color:rgb(229,192,122);">1</span><span style="color:rgb(171,178,191);">;</span></div><div class="line"><span class="line-number">18</span><span style="color:rgb(171,178,191);">    </span><span style="color:rgb(224,107,116);">$a</span><span style="color:rgb(171,178,191);"> </span><span style="color:rgb(171,178,191);">=</span><span style="color:rgb(171,178,191);"> </span><span style="color:rgb(229,192,122);">0xEF</span><span style="color:rgb(171,178,191);">;</span></div><div class="line"><span class="line-number">19</span><span style="color:rgb(171,178,191);">    </span><span style="color:rgb(224,107,116);">$a</span><span style="color:rgb(171,178,191);"> </span><span style="color:rgb(171,178,191);">=</span><span style="color:rgb(171,178,191);"> </span><span style="color:rgb(229,192,122);">1_000_000</span><span style="color:rgb(171,178,191);">;</span></div><div class="line"><span class="line-number">20</span></div><div class="line"><span class="line-number">21</span><span style="color:rgb(171,178,191);">    </span><span style="color:rgb(199,120,221);">trait</span><span style="color:rgb(171,178,191);"> </span><span style="color:rgb(171,178,191);">G</span></div><div class="line"><span class="line-number">22</span><span style="color:rgb(171,178,191);">    </span><span style="color:rgb(171,178,191);">{</span></div><div class="line"><span class="line-number">23</span><span style="color:rgb(171,178,191);">    </span><span style="color:rgb(171,178,191);">}</span></div><div class="line"><span class="line-number">24</span></div><div class="line"><span class="line-number">25</span><span style="color:rgb(171,178,191);">    </span><span style="color:rgb(199,120,221);">trait</span><span style="color:rgb(171,178,191);"> </span><span style="color:rgb(171,178,191);">E</span></div><div class="line"><span class="line-number">26</span><span style="color:rgb(171,178,191);">    </span><span style="color:rgb(171,178,191);">{</span></div><div class="line"><span class="line-number">27</span><span style="color:rgb(171,178,191);">    </span><span style="color:rgb(171,178,191);">}</span></div><div class="line"><span class="line-number">28</span></div><div class="line"><span class="line-number">29</span><span style="color:rgb(171,178,191);">    </span><span style="color:rgb(199,120,221);">class</span><span style="color:rgb(171,178,191);"> </span><span style="color:rgb(171,178,191);">A</span><span style="color:rgb(171,178,191);"> </span><span style="color:rgb(199,120,221);">extends</span><span style="color:rgb(171,178,191);"> </span><span style="color:rgb(171,178,191);">B</span><span style="color:rgb(171,178,191);"> </span><span style="color:rgb(199,120,221);">implements</span><span style="color:rgb(171,178,191);"> </span><span style="color:rgb(171,178,191);">C</span></div><div class="line"><span class="line-number">30</span><span style="color:rgb(171,178,191);">    </span><span style="color:rgb(171,178,191);">{</span></div><div class="line"><span class="line-number">31</span><span style="color:rgb(171,178,191);">        </span><span style="color:rgb(199,120,221);">use</span><span style="color:rgb(171,178,191);"> </span><span style="color:rgb(171,178,191);">E</span><span style="color:rgb(171,178,191);">,</span><span style="color:rgb(171,178,191);"> </span><span style="color:rgb(171,178,191);">G</span><span style="color:rgb(171,178,191);"> </span><span style="color:rgb(171,178,191);">{</span></div><div class="line"><span class="line-number">32</span><span style="color:rgb(171,178,191);">            </span><span style="color:rgb(171,178,191);">G</span><span style="color:rgb(171,178,191);">::</span><span style="color:rgb(98,174,239);">a</span><span style="color:rgb(171,178,191);"> </span><span style="color:rgb(199,120,221);">insteadof</span><span style="color:rgb(171,178,191);"> </span><span style="color:rgb(171,178,191);">E</span><span style="color:rgb(171,178,191);">;</span></div><div class="line"><span class="line-number">33</span><span style="color:rgb(171,178,191);">            </span><span style="color:rgb(171,178,191);">E</span><span style="color:rgb(171,178,191);">::</span><span style="color:rgb(98,174,239);">b</span><span style="color:rgb(171,178,191);"> </span><span style="color:rgb(199,120,221);">as</span><span style="color:rgb(171,178,191);"> </span><span style="color:rgb(98,174,239);">c</span><span style="color:rgb(171,178,191);">;</span></div><div class="line"><span class="line-number">34</span><span style="color:rgb(171,178,191);">        </span><span style="color:rgb(171,178,191);">}</span></div><div class="line"><span class="line-number">35</span></div><div class="line"><span class="line-number">36</span><span style="color:rgb(171,178,191);">        </span><span style="color:rgb(199,120,221);">public</span><span style="color:rgb(171,178,191);"> </span><span style="color:rgb(199,120,221);">const</span><span style="color:rgb(171,178,191);"> </span><span style="color:rgb(224,107,116);">A</span><span style="color:rgb(171,178,191);">       </span><span style="color:rgb(171,178,191);">=</span><span style="color:rgb(171,178,191);"> </span><span style="color:rgb(229,192,122);">1</span><span style="color:rgb(171,178,191);">;</span></div><div class="line"><span class="line-number">37</span><span style="color:rgb(171,178,191);">        </span><span style="color:rgb(199,120,221);">public</span><span style="color:rgb(171,178,191);"> </span><span style="color:rgb(199,120,221);">static</span><span style="color:rgb(171,178,191);"> </span><span style="color:rgb(199,120,221);">int</span><span style="color:rgb(171,178,191);"> </span><span style="color:rgb(224,107,116);">$b</span><span style="color:rgb(171,178,191);"> </span><span style="color:rgb(171,178,191);">=</span><span style="color:rgb(171,178,191);"> </span><span style="color:rgb(229,192,122);">1</span><span style="color:rgb(171,178,191);">;</span></div><div class="line"><span class="line-number">38</span><span style="color:rgb(171,178,191);">        </span><span style="color:rgb(199,120,221);">private</span><span style="color:rgb(171,178,191);"> </span><span style="color:rgb(171,178,191);">Closure</span><span style="color:rgb(171,178,191);"> </span><span style="color:rgb(224,107,116);">$c</span><span style="color:rgb(171,178,191);">;</span></div><div class="line"><span class="line-number">39</span></div><div class="line"><span class="line-number">40</span><span style="color:rgb(171,178,191);">        </span><span style="color:rgb(199,120,221);">public</span><span style="color:rgb(171,178,191);"> </span><span style="color:rgb(199,120,221);">function</span><span style="color:rgb(171,178,191);"> </span><span style="color:rgb(98,174,239);">__construct</span><span style="color:rgb(171,178,191);">(</span></div><div class="line"><span class="line-number">41</span><span style="color:rgb(171,178,191);">            </span><span style="color:rgb(199,120,221);">protected</span><span style="color:rgb(171,178,191);"> </span><span style="color:rgb(199,120,221);">string</span><span style="color:rgb(171,178,191);"> </span><span style="color:rgb(224,107,116);">$a</span></div><div class="line"><span class="line-number">42</span><span style="color:rgb(171,178,191);">        </span><span style="color:rgb(171,178,191);">)</span><span style="color:rgb(171,178,191);"> </span><span style="color:rgb(171,178,191);">{</span></div><div class="line"><span class="line-number">43</span><span style="color:rgb(171,178,191);">            </span><span style="color:rgb(224,107,116);">$this</span><span style="color:rgb(171,178,191);">-></span><span style="color:rgb(224,107,116);">a</span><span style="color:rgb(171,178,191);"> </span><span style="color:rgb(171,178,191);">=</span><span style="color:rgb(171,178,191);"> </span><span style="color:rgb(224,107,116);">$a</span><span style="color:rgb(171,178,191);">;</span></div><div class="line"><span class="line-number">44</span><span style="color:rgb(171,178,191);">        </span><span style="color:rgb(171,178,191);">}</span></div><div class="line"><span class="line-number">45</span></div><div class="line"><span class="line-number">46</span><span style="color:rgb(171,178,191);">        </span><span style="color:rgb(199,120,221);">public</span><span style="color:rgb(171,178,191);"> </span><span style="color:rgb(199,120,221);">static</span><span style="color:rgb(171,178,191);"> </span><span style="color:rgb(199,120,221);">function</span><span style="color:rgb(171,178,191);"> </span><span style="color:rgb(98,174,239);">a</span><span style="color:rgb(171,178,191);">(</span><span style="color:rgb(171,178,191);">?</span><span style="color:rgb(171,178,191);">B</span><span style="color:rgb(171,178,191);"> </span><span style="color:rgb(171,178,191);">&</span><span style="color:rgb(224,107,116);">$a</span><span style="color:rgb(171,178,191);"> </span><span style="color:rgb(171,178,191);">=</span><span style="color:rgb(171,178,191);"> </span><span style="color:rgb(199,120,221);">null</span><span style="color:rgb(171,178,191);">,</span><span style="color:rgb(171,178,191);"> </span><span style="color:rgb(199,120,221);">float</span><span style="color:rgb(171,178,191);">|</span><span style="color:rgb(199,120,221);">int</span><span style="color:rgb(171,178,191);">|</span><span style="color:rgb(171,178,191);">C</span><span style="color:rgb(171,178,191);"> </span><span style="color:rgb(224,107,116);">$b</span><span style="color:rgb(171,178,191);"> </span><span style="color:rgb(171,178,191);">=</span><span style="color:rgb(171,178,191);"> </span><span style="color:rgb(229,192,122);">3</span><span style="color:rgb(171,178,191);">,</span><span style="color:rgb(171,178,191);"> </span><span style="color:rgb(171,178,191);">C</span><span style="color:rgb(171,178,191);"> </span><span style="color:rgb(224,107,116);">$c</span><span style="color:rgb(171,178,191);">)</span><span style="color:rgb(171,178,191);">:</span><span style="color:rgb(171,178,191);"> </span><span style="color:rgb(199,120,221);">float</span><span style="color:rgb(171,178,191);">|</span><span style="color:rgb(171,178,191);">B</span></div><div class="line"><span class="line-number">47</span><span style="color:rgb(171,178,191);">        </span><span style="color:rgb(171,178,191);">{</span></div><div class="line"><span class="line-number">48</span><span style="color:rgb(171,178,191);">            </span><span style="color:rgb(199,120,221);">return</span><span style="color:rgb(171,178,191);"> </span><span style="color:rgb(229,192,122);">1.0</span><span style="color:rgb(171,178,191);">;</span></div><div class="line"><span class="line-number">49</span><span style="color:rgb(171,178,191);">        </span><span style="color:rgb(171,178,191);">}</span></div><div class="line"><span class="line-number">50</span></div><div class="line"><span class="line-number">51</span><span style="color:rgb(171,178,191);">        </span><span style="color:rgb(199,120,221);">public</span><span style="color:rgb(171,178,191);"> </span><span style="color:rgb(199,120,221);">function</span><span style="color:rgb(171,178,191);"> </span><span style="color:rgb(98,174,239);">x</span><span style="color:rgb(171,178,191);">(</span><span style="color:rgb(171,178,191);">)</span></div><div class="line"><span class="line-number">52</span><span style="color:rgb(171,178,191);">        </span><span style="color:rgb(171,178,191);">{</span></div><div class="line"><span class="line-number">53</span><span style="color:rgb(171,178,191);">            </span><span style="color:rgb(199,120,221);">foreach</span><span style="color:rgb(171,178,191);"> </span><span style="color:rgb(171,178,191);">(</span><span style="color:rgb(171,178,191);">[</span><span style="color:rgb(171,178,191);">]</span><span style="color:rgb(171,178,191);"> </span><span style="color:rgb(199,120,221);">as</span><span style="color:rgb(171,178,191);"> </span><span style="color:rgb(224,107,116);">$f</span><span style="color:rgb(171,178,191);">)</span><span style="color:rgb(171,178,191);"> </span><span style="color:rgb(171,178,191);">{</span></div><div class="line"><span class="line-number">54</span><span style="color:rgb(171,178,191);">            </span><span style="color:rgb(171,178,191);">}</span></div><div class="line"><span class="line-number">55</span><span style="color:rgb(171,178,191);">        </span><span style="color:rgb(171,178,191);">}</span></div><div class="line"><span class="line-number">56</span></div><div class="line"><span class="line-number">57</span><span style="color:rgb(171,178,191);">        </span><span style="color:rgb(199,120,221);">public</span><span style="color:rgb(171,178,191);"> </span><span style="color:rgb(199,120,221);">function</span><span style="color:rgb(171,178,191);"> </span><span style="color:rgb(98,174,239);">b</span><span style="color:rgb(171,178,191);">(</span><span style="color:rgb(171,178,191);">)</span></div><div class="line"><span class="line-number">58</span><span style="color:rgb(171,178,191);">        </span><span style="color:rgb(171,178,191);">{</span></div><div class="line"><span class="line-number">59</span><span style="color:rgb(171,178,191);">        </span><span style="color:rgb(171,178,191);">}</span></div><div class="line"><span class="line-number">60</span></div><div class="line"><span class="line-number">61</span><span style="color:rgb(171,178,191);">        </span><span style="color:rgb(199,120,221);">protected</span><span style="color:rgb(171,178,191);"> </span><span style="color:rgb(199,120,221);">function</span><span style="color:rgb(171,178,191);"> </span><span style="color:rgb(98,174,239);">c</span><span style="color:rgb(171,178,191);">(</span><span style="color:rgb(171,178,191);">)</span><span style="color:rgb(171,178,191);">:</span><span style="color:rgb(171,178,191);"> </span><span style="color:rgb(199,120,221);">int</span></div><div class="line"><span class="line-number">62</span><span style="color:rgb(171,178,191);">        </span><span style="color:rgb(171,178,191);">{</span></div><div class="line"><span class="line-number">63</span><span style="color:rgb(171,178,191);">            </span><span style="color:rgb(199,120,221);">return</span><span style="color:rgb(171,178,191);"> </span><span style="color:rgb(229,192,122);">1</span><span style="color:rgb(171,178,191);">;</span></div><div class="line"><span class="line-number">64</span><span style="color:rgb(171,178,191);">        </span><span style="color:rgb(171,178,191);">}</span></div><div class="line"><span class="line-number">65</span><span style="color:rgb(171,178,191);">    </span><span style="color:rgb(171,178,191);">}</span></div><div class="line"><span class="line-number">66</span></div><div class="line"><span class="line-number">67</span><span style="color:rgb(171,178,191);">    </span><span style="color:rgb(199,120,221);">if</span><span style="color:rgb(171,178,191);"> </span><span style="color:rgb(171,178,191);">(</span><span style="color:rgb(199,120,221);">true</span><span style="color:rgb(171,178,191);"> </span><span style="color:rgb(171,178,191);">&&</span><span style="color:rgb(171,178,191);"> </span><span style="color:rgb(199,120,221);">false</span><span style="color:rgb(171,178,191);"> </span><span style="color:rgb(171,178,191);">||</span><span style="color:rgb(171,178,191);"> </span><span style="color:rgb(171,178,191);">!</span><span style="color:rgb(229,192,122);">1</span><span style="color:rgb(171,178,191);">)</span><span style="color:rgb(171,178,191);"> </span><span style="color:rgb(171,178,191);">{</span></div><div class="line"><span class="line-number">68</span><span style="color:rgb(171,178,191);">        </span><span style="color:rgb(199,120,221);">echo</span><span style="color:rgb(171,178,191);"> </span><span style="color:rgb(152,195,121);">'hey'</span><span style="color:rgb(171,178,191);">;</span></div><div class="line"><span class="line-number">69</span><span style="color:rgb(171,178,191);">        </span><span style="color:rgb(199,120,221);">echo</span><span style="color:rgb(171,178,191);"> </span><span style="color:rgb(152,195,121);">'oh!'</span><span style="color:rgb(171,178,191);">;</span></div><div class="line"><span class="line-number">70</span><span style="color:rgb(171,178,191);">    </span><span style="color:rgb(171,178,191);">}</span><span style="color:rgb(171,178,191);"> </span><span style="color:rgb(199,120,221);">elseif</span><span style="color:rgb(171,178,191);"> </span><span style="color:rgb(171,178,191);">(</span><span style="color:rgb(229,192,122);">1</span><span style="color:rgb(171,178,191);"> </span><span style="color:rgb(171,178,191);"><<</span><span style="color:rgb(171,178,191);"> </span><span style="color:rgb(229,192,122);">2</span><span style="color:rgb(171,178,191);">)</span><span style="color:rgb(171,178,191);"> </span><span style="color:rgb(171,178,191);">{</span></div><div class="line"><span class="line-number">71</span><span style="color:rgb(171,178,191);">        </span><span style="color:rgb(199,120,221);">exit</span><span style="color:rgb(171,178,191);">(</span><span style="color:rgb(229,192,122);">1</span><span style="color:rgb(171,178,191);">)</span><span style="color:rgb(171,178,191);">;</span></div><div class="line"><span class="line-number">72</span><span style="color:rgb(171,178,191);">    </span><span style="color:rgb(171,178,191);">}</span><span style="color:rgb(171,178,191);"> </span><span style="color:rgb(199,120,221);">else</span><span style="color:rgb(171,178,191);"> </span><span style="color:rgb(171,178,191);">{</span></div><div class="line"><span class="line-number">73</span><span style="color:rgb(171,178,191);">        </span><span style="color:rgb(199,120,221);">isset</span><span style="color:rgb(171,178,191);">(</span><span style="color:rgb(224,107,116);">$a</span><span style="color:rgb(171,178,191);">)</span><span style="color:rgb(171,178,191);">;</span></div><div class="line"><span class="line-number">74</span><span style="color:rgb(171,178,191);">    </span><span style="color:rgb(171,178,191);">}</span></div><div class="line"><span class="line-number">75</span></div><div class="line"><span class="line-number">76</span><span style="color:rgb(171,178,191);">    </span><span style="color:rgb(199,120,221);">const</span><span style="color:rgb(171,178,191);"> </span><span style="color:rgb(224,107,116);">A_CONSTANT</span><span style="color:rgb(171,178,191);"> </span><span style="color:rgb(171,178,191);">=</span><span style="color:rgb(171,178,191);"> </span><span style="color:rgb(229,192,122);">1</span><span style="color:rgb(171,178,191);">;</span></div><div class="line"><span class="line-number">77</span></div><div class="line"><span class="line-number">78</span><span style="color:rgb(171,178,191);">    </span><span style="color:rgb(224,107,116);">A_CONSTANT</span><span style="color:rgb(171,178,191);"> </span><span style="color:rgb(171,178,191);">+</span><span style="color:rgb(171,178,191);"> </span><span style="color:rgb(224,107,116);">A_CONSTANT</span><span style="color:rgb(171,178,191);">;</span></div><div class="line"><span class="line-number">79</span></div><div class="line"><span class="line-number">80</span><span style="color:rgb(171,178,191);">    </span><span style="color:rgb(171,178,191);">(</span><span style="color:rgb(199,120,221);">new</span><span style="color:rgb(171,178,191);"> </span><span style="color:rgb(171,178,191);">A</span><span style="color:rgb(171,178,191);">(</span><span style="color:rgb(171,178,191);">)</span><span style="color:rgb(171,178,191);">)</span><span style="color:rgb(171,178,191);">-></span><span style="color:rgb(98,174,239);">b</span><span style="color:rgb(171,178,191);">(</span><span style="color:rgb(171,178,191);">)</span><span style="color:rgb(171,178,191);">;</span></div><div class="line"><span class="line-number">81</span></div><div class="line"><span class="line-number">82</span><span style="color:rgb(171,178,191);">    </span><span style="color:rgb(171,178,191);">A</span><span style="color:rgb(171,178,191);">::</span><span style="color:rgb(224,107,116);">$b</span><span style="color:rgb(171,178,191);">;</span></div><div class="line"><span class="line-number">83</span><span style="color:rgb(171,178,191);">    </span><span style="color:rgb(171,178,191);">A</span><span style="color:rgb(171,178,191);">::</span><span style="color:rgb(224,107,116);">A</span><span style="color:rgb(171,178,191);">;</span></div><div class="line"><span class="line-number">84</span><span style="color:rgb(171,178,191);">    </span><span style="color:rgb(171,178,191);">A</span><span style="color:rgb(171,178,191);">::</span><span style="color:rgb(98,174,239);">a</span><span style="color:rgb(171,178,191);">(</span><span style="color:rgb(224,107,116);">$a</span><span style="color:rgb(171,178,191);">,</span><span style="color:rgb(171,178,191);"> </span><span style="color:rgb(229,192,122);">1</span><span style="color:rgb(171,178,191);">)</span><span style="color:rgb(171,178,191);">;</span></div><div class="line"><span class="line-number">85</span></div><div class="line"><span class="line-number">86</span><span style="color:rgb(171,178,191);">    </span><span style="color:rgb(224,107,116);">$c</span><span style="color:rgb(171,178,191);"> </span><span style="color:rgb(171,178,191);">=</span><span style="color:rgb(171,178,191);"> </span><span style="color:rgb(152,195,121);">' {d}'</span><span style="color:rgb(171,178,191);">;</span></div><div class="line"><span class="line-number">87</span></div><div class="line"><span class="line-number">88</span><span style="color:rgb(171,178,191);">    </span><span style="color:rgb(199,120,221);">echo</span><span style="color:rgb(171,178,191);"> </span><span style="color:rgb(171,178,191);">"</span><span style="color:rgb(171,178,191);">{</span><span style="color:rgb(224,107,116);">$a</span><span style="color:rgb(171,178,191);">}</span><span style="color:rgb(152,195,121);"> and b</span><span style="color:rgb(171,178,191);">"</span><span style="color:rgb(171,178,191);"> </span><span style="color:rgb(171,178,191);">.</span><span style="color:rgb(171,178,191);"> </span><span style="color:rgb(224,107,116);">$c</span><span style="color:rgb(171,178,191);">;</span></div><div class="line"><span class="line-number">89</span></div><div class="line"><span class="line-number">90</span><span style="color:rgb(171,178,191);">    </span><span style="color:rgb(224,107,116);">$a</span><span style="color:rgb(171,178,191);"> </span><span style="color:rgb(171,178,191);">=</span><span style="color:rgb(171,178,191);"> </span><span style="color:rgb(199,120,221);">static</span><span style="color:rgb(171,178,191);"> </span><span style="color:rgb(199,120,221);">function</span><span style="color:rgb(171,178,191);"> </span><span style="color:rgb(171,178,191);">(</span><span style="color:rgb(171,178,191);">)</span><span style="color:rgb(171,178,191);"> </span><span style="color:rgb(171,178,191);">{</span></div><div class="line"><span class="line-number">91</span><span style="color:rgb(171,178,191);">    </span><span style="color:rgb(171,178,191);">}</span><span style="color:rgb(171,178,191);">;</span></div><div class="line"><span class="line-number">92</span></div><div class="line"><span class="line-number">93</span><span style="color:rgb(171,178,191);">    </span><span style="color:rgb(98,174,239);">#[</span><span style="color:rgb(98,174,239);">LanguageLevelTypeAware</span><span style="color:rgb(171,178,191);">(</span><span style="color:rgb(171,178,191);">[</span><span style="color:rgb(152,195,121);">'a'</span><span style="color:rgb(171,178,191);"> </span><span style="color:rgb(171,178,191);">=></span><span style="color:rgb(171,178,191);"> </span><span style="color:rgb(229,192,122);">4</span><span style="color:rgb(171,178,191);">]</span><span style="color:rgb(171,178,191);">,</span><span style="color:rgb(171,178,191);"> </span><span style="color:rgb(229,192,122);">1</span><span style="color:rgb(171,178,191);">)</span><span style="color:rgb(98,174,239);">]</span><span style="color:rgb(171,178,191);"> </span><span style="color:rgb(98,174,239);">#[</span><span style="color:rgb(98,174,239);">A</span><span style="color:rgb(98,174,239);">]</span></div><div class="line"><span class="line-number">94</span><span style="color:rgb(171,178,191);">    </span><span style="color:rgb(98,174,239);">#[</span><span style="color:rgb(98,174,239);">B</span><span style="color:rgb(98,174,239);">]</span></div><div class="line"><span class="line-number">95</span><span style="color:rgb(171,178,191);">    </span><span style="color:rgb(199,120,221);">function</span><span style="color:rgb(171,178,191);"> </span><span style="color:rgb(98,174,239);">a</span><span style="color:rgb(171,178,191);">(</span><span style="color:rgb(171,178,191);">A</span><span style="color:rgb(171,178,191);"> </span><span style="color:rgb(224,107,116);">$a</span><span style="color:rgb(171,178,191);">)</span></div><div class="line"><span class="line-number">96</span><span style="color:rgb(171,178,191);">    </span><span style="color:rgb(171,178,191);">{</span></div><div class="line"><span class="line-number">97</span><span style="color:rgb(171,178,191);">    </span><span style="color:rgb(171,178,191);">}</span></div><div class="line"><span class="line-number">98</span></div><div class="line"><span class="line-number">99</span><span style="color:rgb(171,178,191);">    </span><span style="color:rgb(224,107,116);">$f</span><span style="color:rgb(171,178,191);"> </span><span style="color:rgb(171,178,191);">=</span><span style="color:rgb(171,178,191);"> </span><span style="color:rgb(199,120,221);">fn</span><span style="color:rgb(171,178,191);"> </span><span style="color:rgb(171,178,191);">(</span><span style="color:rgb(224,107,116);">$a</span><span style="color:rgb(171,178,191);">)</span><span style="color:rgb(171,178,191);">:</span><span style="color:rgb(171,178,191);"> </span><span style="color:rgb(171,178,191);">B</span><span style="color:rgb(171,178,191);"> </span><span style="color:rgb(171,178,191);">=></span><span style="color:rgb(171,178,191);"> </span><span style="color:rgb(229,192,122);">1</span><span style="color:rgb(171,178,191);">;</span></div><div class="line"><span class="line-number">100</span></div><div class="line"><span class="line-number">101</span><span style="color:rgb(171,178,191);">    </span><span style="color:rgb(199,120,221);">function</span><span style="color:rgb(171,178,191);"> </span><span style="color:rgb(98,174,239);">foo</span><span style="color:rgb(171,178,191);">(</span><span style="color:rgb(199,120,221);">string</span><span style="color:rgb(171,178,191);"> </span><span style="color:rgb(224,107,116);">$bar</span><span style="color:rgb(171,178,191);">)</span></div><div class="line"><span class="line-number">102</span><span style="color:rgb(171,178,191);">    </span><span style="color:rgb(171,178,191);">{</span></div><div class="line"><span class="line-number">103</span><span style="color:rgb(171,178,191);">    </span><span style="color:rgb(171,178,191);">}</span></div><div class="line"><span class="line-number">104</span></div><div class="line"><span class="line-number">105</span><span style="color:rgb(171,178,191);">    </span><span style="color:rgb(171,178,191);">foo</span><span style="color:rgb(171,178,191);">(</span><span style="color:rgb(98,174,239);">bar</span><span style="color:rgb(98,174,239);">:</span><span style="color:rgb(171,178,191);"> </span><span style="color:rgb(152,195,121);">'aa'</span><span style="color:rgb(171,178,191);">)</span><span style="color:rgb(171,178,191);">[</span><span style="color:rgb(171,178,191);">A</span><span style="color:rgb(171,178,191);">::</span><span style="color:rgb(224,107,116);">class</span><span style="color:rgb(171,178,191);">]</span><span style="color:rgb(171,178,191);">;</span></div><div class="line"><span class="line-number">106</span></div><div class="line"><span class="line-number">107</span><span style="color:rgb(171,178,191);">    </span><span style="color:rgb(199,120,221);">abstract</span><span style="color:rgb(171,178,191);"> </span><span style="color:rgb(199,120,221);">class</span><span style="color:rgb(171,178,191);"> </span><span style="color:rgb(171,178,191);">D</span></div><div class="line"><span class="line-number">108</span><span style="color:rgb(171,178,191);">    </span><span style="color:rgb(171,178,191);">{</span></div><div class="line"><span class="line-number">109</span><span style="color:rgb(171,178,191);">        </span><span style="color:rgb(199,120,221);">abstract</span><span style="color:rgb(171,178,191);"> </span><span style="color:rgb(199,120,221);">public</span><span style="color:rgb(171,178,191);"> </span><span style="color:rgb(199,120,221);">function</span><span style="color:rgb(171,178,191);"> </span><span style="color:rgb(98,174,239);">a</span><span style="color:rgb(171,178,191);">(</span><span style="color:rgb(171,178,191);">)</span><span style="color:rgb(171,178,191);">;</span></div><div class="line"><span class="line-number">110</span><span style="color:rgb(171,178,191);">    </span><span style="color:rgb(171,178,191);">}</span></div><div class="line"><span class="line-number">111</span></div><div class="line"><span class="line-number">112</span><span style="color:rgb(171,178,191);">    </span><span style="color:rgb(199,120,221);">final</span><span style="color:rgb(171,178,191);"> </span><span style="color:rgb(199,120,221);">class</span><span style="color:rgb(171,178,191);"> </span><span style="color:rgb(171,178,191);">X</span></div><div class="line"><span class="line-number">113</span><span style="color:rgb(171,178,191);">    </span><span style="color:rgb(171,178,191);">{</span></div><div class="line"><span class="line-number">114</span><span style="color:rgb(171,178,191);">        </span><span style="color:rgb(199,120,221);">public</span><span style="color:rgb(171,178,191);"> </span><span style="color:rgb(199,120,221);">function</span><span style="color:rgb(171,178,191);"> </span><span style="color:rgb(98,174,239);">__construct</span><span style="color:rgb(171,178,191);">(</span></div><div class="line"><span class="line-number">115</span><span style="color:rgb(171,178,191);">            </span><span style="color:rgb(199,120,221);">public</span><span style="color:rgb(171,178,191);"> </span><span style="color:rgb(199,120,221);">readonly</span><span style="color:rgb(171,178,191);"> </span><span style="color:rgb(199,120,221);">int</span><span style="color:rgb(171,178,191);"> </span><span style="color:rgb(224,107,116);">$a</span></div><div class="line"><span class="line-number">116</span><span style="color:rgb(171,178,191);">        </span><span style="color:rgb(171,178,191);">)</span><span style="color:rgb(171,178,191);"> </span><span style="color:rgb(171,178,191);">{</span></div><div class="line"><span class="line-number">117</span><span style="color:rgb(171,178,191);">        </span><span style="color:rgb(171,178,191);">}</span></div><div class="line"><span class="line-number">118</span><span style="color:rgb(171,178,191);">    </span><span style="color:rgb(171,178,191);">}</span></div><div class="line"><span class="line-number">119</span></div><div class="line"><span class="line-number">120</span><span style="color:rgb(171,178,191);">    </span><span style="color:rgb(199,120,221);">enum</span><span style="color:rgb(171,178,191);"> </span><span style="color:rgb(171,178,191);">S</span><span style="color:rgb(171,178,191);">:</span><span style="color:rgb(171,178,191);"> </span><span style="color:rgb(199,120,221);">string</span><span style="color:rgb(171,178,191);"> </span><span style="color:rgb(171,178,191);">{</span></div><div class="line"><span class="line-number">121</span><span style="color:rgb(171,178,191);">        </span><span style="color:rgb(199,120,221);">case</span><span style="color:rgb(171,178,191);"> </span><span style="color:rgb(224,107,116);">A</span><span style="color:rgb(171,178,191);"> </span><span style="color:rgb(171,178,191);">=</span><span style="color:rgb(171,178,191);"> </span><span style="color:rgb(152,195,121);">'a'</span><span style="color:rgb(171,178,191);">;</span></div><div class="line"><span class="line-number">122</span><span style="color:rgb(171,178,191);">        </span><span style="color:rgb(199,120,221);">case</span><span style="color:rgb(171,178,191);"> </span><span style="color:rgb(224,107,116);">B</span><span style="color:rgb(171,178,191);"> </span><span style="color:rgb(171,178,191);">=</span><span style="color:rgb(171,178,191);"> </span><span style="color:rgb(152,195,121);">'b'</span><span style="color:rgb(171,178,191);">;</span></div><div class="line"><span class="line-number">123</span><span style="color:rgb(171,178,191);">    </span><span style="color:rgb(171,178,191);">}</span></div><div class="line"><span class="line-number">124</span><span style="color:rgb(171,178,191);"></span><span style="color:rgb(171,178,191);">}</span></div><div class="line"><span class="line-number">125</span><span style="color:rgb(171,178,191);"></span><span style="color:rgb(199,120,221);">?></span></div><div class="line"><span class="line-number">126</span><span style="color:rgb(229,192,122);"><html></span></div><div class="line"><span class="line-number">127</span><span style="color:rgb(229,192,122);">    <head></span></div><div class="line"><span class="line-number">128</span><span style="color:rgb(229,192,122);">        <meta charset="UTF-8"></span></div><div class="line"><span class="line-number">129</span><span style="color:rgb(229,192,122);">        <meta name="viewport" content="width=device-width, user-scalable=no, initial-scale=1.0, maximum-scale=1.0, minimum-scale=1.0"></span></div><div class="line"><span class="line-number">130</span><span style="color:rgb(229,192,122);">        <meta http-equiv="X-UA-Compatible" content="ie=edge"></span></div><div class="line"><span class="line-number">131</span><span style="color:rgb(229,192,122);">        <title>Document</title></span></div><div class="line"><span class="line-number">132</span><span style="color:rgb(229,192,122);">    </head></span></div><div class="line"><span class="line-number">133</span><span style="color:rgb(229,192,122);">    <body></span></div><div class="line"><span class="line-number">134</span><span style="color:rgb(229,192,122);"></span></div><div class="line"><span class="line-number">135</span><span style="color:rgb(229,192,122);">    </body></span></div><div class="line"><span class="line-number">136</span><span style="color:rgb(229,192,122);"></html></span></div>