[38;2;229;192;122m1[0m[38;2;171;178;191m;[0m[38;2;171;178;191m[0m[38;2;229;192;122m3[0m[38;2;171;178;191m;[0m